[base44] Proxy enabled: /api -> https://alluring-mind-stream-learn.base44.app
